# serializer version: 1
# name: test_generate_children_event_history_markdown_with_data
  '''
  # Jason Berg
  
  
  1. **Event 3 for child2:** 16.6.2023 00:00
  
      Staff country actually generation five training.
  
  
  2. **Event 4 for child2:** 6.12.2023 00:00
  
      Voice radio happen color scene. Create state rock only.
  
  
  3. **Event 2 for child2:** 24.12.2023 00:00
  
  
  # Katherine Gomez
  
  
  1. **Event 1 for child1:** 1.1.2024 00:00
  
      Data table TV minute. Agree room laugh prevent make.
  '''
# ---
